[www.majalahsains.com/tembok-sempadan-antara-agama-dan-sains/index.html]
[backblue.gif]
[fade.gif]
[index.html]
[www.majalahsains.com/wp-content/uploads/2022/02/sains-dan-agama2.jpg]
[www.majalahsains.com/wp-content/plugins/google-analytics-dashboard-for-wp/assets/js/frontend-gtag.minbdeb.js]
[www.majalahsains.com/wp-content/plugins/google-analytics-for-wordpress/assets/js/frontend-gtag.min3db5.js]
[www.majalahsains.com/wp-includes/js/jquery/jquery4a5f.js]
[www.majalahsains.com/wp-content/uploads/2017/02/favicon-2017.png]
[www.majalahsains.com/wp-content/uploads/2018/06/logo-retina-majalah-sains-2018.png]
[www.majalahsains.com/wp-content/uploads/2018/06/logo-ms-mobile.png]
[www.majalahsains.com/wp-content/uploads/2018/06/logo-ms-2018.png]
[www.majalahsains.com/wp-content/litespeed/css/aa433a2e061b3f75a88a36a215bcd91ff3c6.css]
[www.majalahsains.com/wp-content/uploads/2022/02/aimran.jpg]
[www.majalahsains.com/tembok-sempadan-antara-agama-dan-sains/https_/www.majalahsains.com/tembok-sempadan-antara-agama-dan-sains/index.html]
[www.majalahsains.com/wp-content/themes/ms2018/assets/img/jeg-empty.png]
[www.majalahsains.com/tembok-sempadan-antara-agama-dan-sains/index.html]
[www.majalahsains.com/wp-content/litespeed/js/96677a2e234e1a48dc008eb03c88a922f3c6.js]
[www.majalahsains.com/wp-content/plugins/jnews-gallery/assets/css/drag.c.delayed]
[www.majalahsains.com/wp-content/litespeed/css/aa433a2e061b3f75a88a36a215bcd91ff3c6.css]
[www.majalahsains.com/tembok-sempadan-antara-agama-dan-sains/https_/www.majalahsains.com/tembok-sempadan-antara-agama-dan-sains/index.html]
[www.majalahsains.com/wp-content/plugins/jnews-gallery/assets/css/drag.html]
