[www.islamituindah.my/hentakan-tapak-kaki-dajjal-ustaz-auni-mohamed/index.html]
[www.islamituindah.my/wp-content/thesis/skins/classic-r/cssea1f.css]
[backblue.gif]
[fade.gif]
[index.html]
[www.islamituindah.my/wp-content/uploads/2018/10/Hentakan-Tapak-Kaki-Dajjal-Ustaz-Auni-Mohamed.jpg]
[www.islamituindah.my/wp-includes/css/dist/block-library/style.min5352.css]
[www.islamituindah.my/wp-content/plugins/mashsharer/assets/css/mashsb.min7653.css]
[www.islamituindah.my/wp-content/plugins/social-icons/assets/css/social-iconsb34d.css]
[www.islamituindah.my/wp-content/plugins/easy-custom-auto-excerpt/assets/style-frontend0875.css]
[www.islamituindah.my/hentakan-tapak-kaki-dajjal-ustaz-auni-mohamed/feed/index.html]
[www.islamituindah.my/wp-content/plugins/easy-custom-auto-excerpt/buttons/ecae-buttonskin-none0875.css]
[www.islamituindah.my/wp-includes/js/jquery/jquery.minf43b.js]
[www.islamituindah.my/wp-includes/js/jquery/jquery-migrate.min5589.js]
[www.islamituindah.my/wp-content/plugins/mashsharer/assets/js/mashsb.min7653.js]
[www.islamituindah.my/wp-content/uploads/2020/02/islamituindah.png]
[pagead2.googlesyndication.com/pagead/js/f.txt]
[www.islamituindah.my/hentakan-tapak-kaki-dajjal-ustaz-auni-mohamed/index.html]
[www.islamituindah.my/wp-includes/js/comment-reply.min5352.js]
[www.islamituindah.my/wp-content/thesis/skins/classic-r/cssea1f.css]
[www.islamituindah.my/wp-includes/css/dist/block-library/style.min5352.css]
[www.islamituindah.my/wp-content/plugins/mashsharer/assets/css/mashsb.min7653.css]
[www.islamituindah.my/wp-content/plugins/social-icons/assets/css/social-iconsb34d.css]
[www.islamituindah.my/wp-content/plugins/easy-custom-auto-excerpt/assets/style-frontend0875.css]
[www.islamituindah.my/wp-content/plugins/easy-custom-auto-excerpt/buttons/ecae-buttonskin-none0875.css]
[jsc.mgid.com/i/s/islamituindah.my.1086530.js]
[jsc.mgid.com/i/s/islamituindah.my.1086529.js]
