[koleksiustazauni.blogspot.com/index.html]
[backblue.gif]
[fade.gif]
[index.html]
[koleksiustazauni.blogspot.com/favicon.ico]
[koleksiustazauni.blogspot.com/feeds/posts/default]
[koleksiustazauni.blogspot.com/feeds/posts/default9522]
[www.gstatic.com/external_hosted/clipboardjs/clipboard.min.js]
[koleksiustazauni.blogspot.com/responsive/sprite_v1_6.css.svg]
[koleksiustazauni.blogspot.com/https.5.delayed]
[koleksiustazauni.blogspot.com/2018/02/kisah-nabi-idris-akhnukh-ustaz-auni.html]
[koleksiustazauni.blogspot.com/2018/02/021-tragedi-qabil-habil-ustaz-auni.html]
[koleksiustazauni.blogspot.com/2018/02/ustaz-auni-mohamed-qabil-lari-ke.html]
[koleksiustazauni.blogspot.com/2018/02/ustaz-auni-mohamed-siapa-membina.html]
[koleksiustazauni.blogspot.com/2018/02/revenge-of-fallen-20-ustaz-auni-mohamad.html]
[koleksiustazauni.blogspot.com/2018/02/revenge-of-fallen-ustaz-auni-mohamad.html]
[koleksiustazauni.blogspot.com/2018/02/033-imam-mahdi-10-ustaz-auni-mohamad.html]
[koleksiustazauni.blogspot.com/2018/02/mestitengok-sejarah-rasul-illuminati.html]
[koleksiustazauni.blogspot.com/2018/02/the-eye-of-mona-lisa-ustaz-auni-mohamad.html]
[koleksiustazauni.blogspot.com/2018/02/yahudi-templar-dan-freemason-ustaz-auni.html]
[koleksiustazauni.blogspot.com/2018/02/inilah-yakjuj-makjuj-yang-sebenarnya.html]
[koleksiustazauni.blogspot.com/2018/index.html]
[koleksiustazauni.blogspot.com/2018/02/index.html]
[koleksiustazauni.blogspot.com/2018_02_13_archive.html]
[resources.blogblog.com/blogblog/data/res/3236017956-vegeclub_compiled.js]
[www.blogger.com/static/v1/widgets/3399699925-widgets.js]
[koleksiustazauni.blogspot.com/index.html]
[koleksiustazauni.blogspot.com/responsive/sprite_v1_6.css.svg]
[koleksiustazauni.blogspot.com/https.html]
[koleksiustazauni.blogspot.com/feeds/6807489276750949243/comments/default]
[i.ytimg.com/vi/H34X6OE7j4U/hqdefault.jpg]
[koleksiustazauni.blogspot.com/2018/02/https.17.delayed]
[www.blogger.com/static/v1/jsbin/1466990918-comment_from_post_iframe.js]
[koleksiustazauni.blogspot.com/2018/02/kisah-nabi-idris-akhnukh-ustaz-auni.html]
[koleksiustazauni.blogspot.com/feeds/2850519610783038878/comments/default]
[i.ytimg.com/vi/VxUYeUdePR0/hqdefault.jpg]
[koleksiustazauni.blogspot.com/2018/02/021-tragedi-qabil-habil-ustaz-auni.html]
[koleksiustazauni.blogspot.com/feeds/6578903511645935481/comments/default]
[koleksiustazauni.blogspot.com/2018/02/ustaz-auni-mohamed-qabil-lari-ke.html]
[koleksiustazauni.blogspot.com/feeds/7764863300505290247/comments/default]
[koleksiustazauni.blogspot.com/2018/02/ustaz-auni-mohamed-siapa-membina.html]
[koleksiustazauni.blogspot.com/feeds/3449994190014836591/comments/default]
[i.ytimg.com/vi/3fticwycGfc/hqdefault.jpg]
[koleksiustazauni.blogspot.com/2018/02/revenge-of-fallen-20-ustaz-auni-mohamad.html]
[koleksiustazauni.blogspot.com/feeds/2860920782238394034/comments/default]
[i.ytimg.com/vi/gtIGYZElLdU/hqdefault.jpg]
[koleksiustazauni.blogspot.com/2018/02/revenge-of-fallen-ustaz-auni-mohamad.html]
[koleksiustazauni.blogspot.com/feeds/7021030885505486220/comments/default]
[i.ytimg.com/vi/sVnrnjznL-M/hqdefault.jpg]
[koleksiustazauni.blogspot.com/2018/02/033-imam-mahdi-10-ustaz-auni-mohamad.html]
[koleksiustazauni.blogspot.com/feeds/1648324969555691983/comments/default]
[i.ytimg.com/vi/s6Jp39LMLzo/hqdefault.jpg]
[koleksiustazauni.blogspot.com/2018/02/mestitengok-sejarah-rasul-illuminati.html]
[koleksiustazauni.blogspot.com/feeds/2191816544068393048/comments/default]
[i.ytimg.com/vi/5G08DD-ciYI/hqdefault.jpg]
[koleksiustazauni.blogspot.com/2018/02/the-eye-of-mona-lisa-ustaz-auni-mohamad.html]
[koleksiustazauni.blogspot.com/feeds/1343178281149846101/comments/default]
[i.ytimg.com/vi/A1ow5WWlaiw/hqdefault.jpg]
[koleksiustazauni.blogspot.com/2018/02/yahudi-templar-dan-freemason-ustaz-auni.html]
[koleksiustazauni.blogspot.com/feeds/8536117736345766814/comments/default]
[i.ytimg.com/vi/t5BEyhppm3E/hqdefault.jpg]
[koleksiustazauni.blogspot.com/2018/02/inilah-yakjuj-makjuj-yang-sebenarnya.html]
[koleksiustazauni.blogspot.com/2018/https.2d.delayed]
[koleksiustazauni.blogspot.com/2018/index.html]
[koleksiustazauni.blogspot.com/2018/02/index.html]
[koleksiustazauni.blogspot.com/2018_02_13_archive.html]
[www.blogger.com/dyn-css/authorization3ef5.css]
[koleksiustazauni.blogspot.com/2018/02/https.html]
[i.ytimg.com/vi/Nk3AQCxo9BA/hqdefault.jpg]
[i.ytimg.com/vi/-0GVnSAVg0c/hqdefault.jpg]
[koleksiustazauni.blogspot.com/2018/https.html]
