[jatimtimes.com/baca/294246/20230809/111900/ustaz-ini-sebut-keturunan-firaun-yang-jadi-penguasa-sejumlah-negara.html]
[backblue.gif]
[fade.gif]
[index.html]
[i1.wp.com/risetcdn.jatimtimes.com/images/2023/08/09/Ustaz-Auni-Muhamed.-Foto-screenshot-Pde537f8a51dd6823.md9772.jpg]
[jatimtimes.com/baca/294246/20230809/111900/inc/bootstrap/bootstrap.min.css]
[jatimtimes.com/baca/294246/20230809/111900/inc/owl-carousel/owl.carousel.min.3.delayed]
[jatimtimes.com/baca/294246/20230809/111900/inc/owl-carousel/owl.theme.default.4.delayed]
[jatimtimes.com/assets/js/lib/jquery-3.4.1.min.js]
[i1.wp.com/risetcdn.jatimtimes.com/images/favicon-32x32.png]
[jatimtimes.com/assets/css/style.css]
[ajax.googleapis.com/ajax/libs/jquery/3.5.1/jquery.min.js]
[indonesiaonline.co.id/wp-content/uploads/2024/04/1-1.gif]
[indonesiaonline.co.id/wp-content/uploads/2024/04/2.gif]
[indonesiaonline.co.id/wp-content/uploads/2024/04/3.gif]
[indonesiaonline.co.id/wp-content/uploads/2024/04/4.gif]
[risetcdn.jatimtimes.com/images/2021/10/22/Logo1-verif-jt-dp2x1bd16774bef5bb63.png]
[i1.wp.com/cdn.jatimtimes.com/images/2024/05/13/aae721740601.th9772.jpg]
[i1.wp.com/risetcdn.jatimtimes.com/images/2024/05/07/Ilustrasi-penerbangan-hantu.-Foto-dari-internet-P3cb9ab65dad755f6.th9772.jpg]
[i1.wp.com/risetcdn.jatimtimes.com/images/2024/05/09/Es-Kopi-Daun-Bawang.-Foto-screenshot-X-P2197877610756203.th9772.jpg]
[i1.wp.com/risetcdn.jatimtimes.com/images/2024/05/06/Air-kelapa-muda.-Foto-dari-internet-P9b8d6d2f16cb51f8.th9772.jpg]
[i1.wp.com/cdn.jatimtimes.com/images/2024/05/19/c01ff781b891.th9772.jpg]
[i1.wp.com/cdn.jatimtimes.com/images/2024/05/18/195b655e0797.th9772.jpg]
[i1.wp.com/cdn.jatimtimes.com/images/2024/05/19/f14a5c3e1c53.th9772.jpg]
[i1.wp.com/risetcdn.jatimtimes.com/images/android-chrome-192x192.png]
[jatimtimes.com/baca/294246/20230809/111900/ustaz-ini-sebut-keturunan-firaun-yang-jadi-penguasa-sejumlah-negara.html]
[jatimtimes.com/baca/294246/20230809/111900/inc/bootstrap/bootstrap.min.html]
[jatimtimes.com/baca/294246/20230809/111900/inc/owl-carousel/owl.carousel.min.html]
[jatimtimes.com/baca/294246/20230809/111900/inc/owl-carousel/owl.theme.default.html]
[jatimtimes.com/cdn-cgi/challenge-platform/h/b/scripts/jsd/695da7821231/main.js]
[jatimtimes.com/assets/css/inc/bootstrap/bootstrap.min.css]
[jatimtimes.com/assets/css/inc/owl-carousel/owl.carousel.min.css]
[jatimtimes.com/assets/css/inc/owl-carousel/owl.theme.default.css]
[jatimtimes.com/assets/css/style.css]
[jatimtimes.com/baca/294246/20230809/111900/privacy.html]
[jatimtimes.com/baca/294246/20230809/111900/serviceworker.html]
[jatimtimes.com/assets/css/inc/bootstrap/bootstrap.min.css]
[jatimtimes.com/assets/css/inc/owl-carousel/owl.video.play.png]
[jatimtimes.com/assets/css/inc/owl-carousel/owl.carousel.min.css]
[jatimtimes.com/assets/css/inc/owl-carousel/owl.theme.default.css]
[jatimtimes.com/assets/css/inc/owl-carousel/owl.video.play.html]
